
> POS System Design for Bampadde@0.1.0 electron-build
> npm run build && electron-builder


> POS System Design for Bampadde@0.1.0 build
> vite build

[36mvite v6.3.5 [32mbuilding for production...[36m[39m
transforming...
[32mΓ£ô[39m 2584 modules transformed.
rendering chunks...
computing gzip size...
[2mbuild/[22m[32mindex.html                          [39m[1m[2m    0.53 kB[22m[1m[22m[2m Γöé gzip:   0.33 kB[22m
[2mbuild/[22m[35massets/index--iU5OQze.css           [39m[1m[2m  114.00 kB[22m[1m[22m[2m Γöé gzip:  17.97 kB[22m
[2mbuild/[22m[36massets/purify.es-B5CD4DQe.js        [39m[1m[2m   22.90 kB[22m[1m[22m[2m Γöé gzip:   8.84 kB[22m
[2mbuild/[22m[36massets/index.es-CEWZlZGQ.js         [39m[1m[2m  159.59 kB[22m[1m[22m[2m Γöé gzip:  53.51 kB[22m
[2mbuild/[22m[36massets/html2canvas.esm-B0tyYwQk.js  [39m[1m[2m  202.36 kB[22m[1m[22m[2m Γöé gzip:  48.04 kB[22m
[2mbuild/[22m[36massets/index-oTsbIKpP.js            [39m[1m[33m1,328.03 kB[39m[22m[2m Γöé gzip: 385.82 kB[22m
node.exe : [33m
At line:1 char:1
+ & "C:\Program Files\nodejs/node.exe" "C:\Program Files\nodejs/node_mo ...
+ ~~~~~~~~~~~~~~~~~~~~~~~~~~~~~~~~~~~~~~~~~~~~~~~~~~~~~~~~~~~~~~~~~~~~~
    + CategoryInfo          : NotSpecified: ([33m:String) [], RemoteException
    + FullyQualifiedErrorId : NativeCommandError
 
(!) Some chunks are larger than 500 kB after minification. Consider:
- Using dynamic import() to code-split the application
- Use build.rollupOptions.output.manualChunks to improve chunking: 
https://rollupjs.org/configuration-options/#output-manualchunks
- Adjust chunk size limit for this warning via 
build.chunkSizeWarningLimit.[39m
[32mΓ£ô built in 19.64s[39m
  ΓÇó electron-builder  version=24.13.3 os=10.0.26200
  Γ¿» Invalid name: "POS System Design for Bampadde"  failedTask=build stackTrace=Error: Invalid name: "POS System Design for Bampadde"
    at ensureValidName (C:\Users\Admin\Downloads\POS System Design for Bampadde (1)\node_modules\app-builder-lib\src\util\normalizePackageData.ts:237:11)
    at fixNameField (C:\Users\Admin\Downloads\POS System Design for Bampadde (1)\node_modules\app-builder-lib\src\util\normalizePackageData.ts:164:5)
    at normalizePackageData (C:\Users\Admin\Downloads\POS System Design for Bampadde (1)\node_modules\app-builder-lib\src\util\normalizePackageData.ts:7:5)
    at readPackageJson (C:\Users\Admin\Downloads\POS System Design for Bampadde (1)\node_modules\app-builder-lib\src\util\packageMetadata.ts:15:23)
    at Packager.build (C:\Users\Admin\Downloads\POS System Design for Bampadde (1)\node_modules\app-builder-lib\src\packager.ts:314:25)
    at executeFinally (C:\Users\Admin\Downloads\POS System Design for Bampadde (1)\node_modules\builder-util\src\promise.ts:12:14)
